  Determining projects to restore...
  All projects are up-to-date for restore.
  DamlSocket -> C:\Users\35224\Source\repos\QuemlSocket\DamlSocket\bin\Debug\net8.0\DamlSocket.dll
C:\Users\35224\Source\repos\QuemlSocket\DamlSocket.Tests\IntegrationTests.cs(82,44): warning CS8600: Converting null literal or possible null value to non-nullable type. [C:\Users\35224\Source\repos\QuemlSocket\DamlSocket.Tests\DamlSocket.Tests.csproj]
  DamlSocket.Tests -> C:\Users\35224\Source\repos\QuemlSocket\DamlSocket.Tests\bin\Debug\net8.0\DamlSocket.Tests.dll

Build succeeded.

C:\Users\35224\Source\repos\QuemlSocket\DamlSocket.Tests\IntegrationTests.cs(82,44): warning CS8600: Converting null literal or possible null value to non-nullable type. [C:\Users\35224\Source\repos\QuemlSocket\DamlSocket.Tests\DamlSocket.Tests.csproj]
    1 Warning(s)
    0 Error(s)

Time Elapsed 00:00:01.94

Workload updates are available. Run `dotnet workload list` for more information.
